C166 COMPILER V7.05, CCU60                                                                 12/12/2013 14:35:01 PAGE 1   


C166 COMPILER V7.05, COMPILATION OF MODULE CCU60
OBJECT MODULE PLACED IN .\obj\CCU60.obj
COMPILER INVOKED BY: C:\Program Files\Keil\C166\BIN\C166.EXE CCU60.C MODV2 BROWSE MODV2 DEBUG OBJECT(.\obj\CCU60.obj) 

 stmt lvl     source

*** WARNING C500 IN LINE 1 OF CCU60.C: SERIAL NUMBER EXPIRED

    1         //****************************************************************************
    2         // @Module        Capture / Compare Unit 60 (CCU60)
    3         // @Filename      CCU60.C
    4         // @Project       balancebot.dav
    5         //----------------------------------------------------------------------------
    6         // @Controller    Infineon XE167F-96F66
    7         //
    8         // @Compiler      Keil
    9         //
   10         // @Codegenerator 2.2
   11         //
   12         // @Description   This file contains functions that use the CCU60 module.
   13         //
   14         //----------------------------------------------------------------------------
   15         // @Date          09.12.2013 18:51:38
   16         //
   17         //****************************************************************************
   18         
   19         // USER CODE BEGIN (CCU60_General,1)
   20         
   21         // USER CODE END
   22         
   23         
   24         
   25         //****************************************************************************
   26         // @Project Includes
   27         //****************************************************************************
   28         
   29         #include "MAIN.H"
   30         
   31         // USER CODE BEGIN (CCU60_General,2)
   32         
   33         #include "motor.h"
   34         
   35         // USER CODE END
   36         
   37         
   38         //****************************************************************************
   39         // @Macros
   40         //****************************************************************************
   41         
   42         // USER CODE BEGIN (CCU60_General,3)
   43         
   44         // USER CODE END
   45         
   46         
   47         //****************************************************************************
   48         // @Defines
   49         //****************************************************************************
   50         
   51         // USER CODE BEGIN (CCU60_General,4)
   52         
   53         // USER CODE END
   54         
C166 COMPILER V7.05, CCU60                                                                 12/12/2013 14:35:01 PAGE 2   

   55         
   56         //****************************************************************************
   57         // @Typedefs
   58         //****************************************************************************
   59         
   60         // USER CODE BEGIN (CCU60_General,5)
   61         
   62         // USER CODE END
   63         
   64         
   65         //****************************************************************************
   66         // @Imported Global Variables
   67         //****************************************************************************
   68         
   69         // USER CODE BEGIN (CCU60_General,6)
   70         
   71         // USER CODE END
   72         
   73         
   74         //****************************************************************************
   75         // @Global Variables
   76         //****************************************************************************
   77         
   78         // USER CODE BEGIN (CCU60_General,7)
   79         
   80         // USER CODE END
   81         
   82         
   83         //****************************************************************************
   84         // @External Prototypes
   85         //****************************************************************************
   86         
   87         // USER CODE BEGIN (CCU60_General,8)
   88         
   89         // USER CODE END
   90         
   91         
   92         //****************************************************************************
   93         // @Prototypes Of Local Functions
   94         //****************************************************************************
   95         
   96         // USER CODE BEGIN (CCU60_General,9)
   97         
   98         // USER CODE END
   99         
  100         
  101         //****************************************************************************
  102         // @Function      void CCU60_vInit(void) 
  103         //
  104         //----------------------------------------------------------------------------
  105         // @Description   This is the initialization function of the CCU60 function 
  106         //                library. It is assumed that the SFRs used by this library 
  107         //                are in reset state. 
  108         //
  109         //----------------------------------------------------------------------------
  110         // @Returnvalue   None
  111         //
  112         //----------------------------------------------------------------------------
  113         // @Parameters    None
  114         //
  115         //----------------------------------------------------------------------------
  116         // @Date          09.12.2013
C166 COMPILER V7.05, CCU60                                                                 12/12/2013 14:35:01 PAGE 3   

  117         //
  118         //****************************************************************************
  119         
  120         // USER CODE BEGIN (Init,1)
  121         
  122         // USER CODE END
  123         
  124         void CCU60_vInit(void)
  125         {
  126  1        // USER CODE BEGIN (Init,2)
  127  1      
  128  1        // USER CODE END
  129  1      
  130  1        ///  -----------------------------------------------------------------------
  131  1        ///  Configuration of KERNEL REGISTERS :
  132  1        ///  -----------------------------------------------------------------------
  133  1        ///  - CCU60 Module is enabled.
  134  1        ///  - The CCU60 module clock = 66,000 MHz. 
  135  1        ///  - T12 is enabled.
  136  1        ///  - T13 is enabled.
  137  1        ///  - MCM is enabled.
  138  1      
  139  1        CCU60_KSCFG    =  0x0003;      // Kernel State Configuration Register
  140  1      
  141  1        _nop_();    //No operation function as Delay
  142  1        _nop_();    //No operation function as Delay
  143  1        _nop_();    //No operation function as Delay
  144  1        _nop_();    //No operation function as Delay
  145  1      
  146  1        ///  -----------------------------------------------------------------------
  147  1        ///  Configuration of CCU60 Timer 12:
  148  1        ///  -----------------------------------------------------------------------
  149  1        ///  - Timer 12 Input clock factor (T12CLK) is 6
  150  1        ///  - prescaler factor is 0
  151  1        ///  - Timer 12 run bit is set
  152  1        ///  - Single shot mode is disabled
  153  1        ///  - Timer 12 works in edge aligned mode
  154  1        ///  - Interrupt on period match is enabled
  155  1        ///  - Interrupt on one match is disabled
  156  1        ///  - No External run selection is selected.
  157  1        ///  - Timer mode is selected.
  158  1        ///  - 
  159  1      
  160  1        CCU60_T12PR    =  0x00FF;      // load CCU60 T12 period register
  161  1      
  162  1        ///  -----------------------------------------------------------------------
  163  1        ///  Configuration of T13HR Signal:
  164  1        ///  -----------------------------------------------------------------------
  165  1        ///  - Signal T13HRA is selected as Input
  166  1      
  167  1        ///  -----------------------------------------------------------------------
  168  1        ///  Configuration of CCU60 Timer 13:
  169  1        ///  -----------------------------------------------------------------------
  170  1        ///  - Timer 13 Input Clock factor (T13CLK) is 6
  171  1        ///  - prescaler factor is 0
  172  1        ///  - Timer 13 run bit is reset
  173  1        ///  - Trigger control is disabled
  174  1        ///  - No External run selection is selected.
  175  1        ///  - Timer mode is selected.
  176  1        ///  - 
  177  1        ///  - Single shot mode is disabled
  178  1        ///  - Interrupt on period match is disabled
C166 COMPILER V7.05, CCU60                                                                 12/12/2013 14:35:01 PAGE 4   

  179  1        ///  - Interrupt on compare match is disabled
  180  1      
  181  1        CCU60_T13PR    =  0x00FF;      // load CCU60 T13 period register
  182  1      
  183  1        CCU60_TCTR0    =  0x0606;      // load CCU60 timer control register 0
  184  1        CCU60_TCTR2    =  0x0020;      // load CCU60 timer control register 2
  185  1      
  186  1        ///  -----------------------------------------------------------------------
  187  1        ///  Configuration of Multi Channel Mode:
  188  1        ///  -----------------------------------------------------------------------
  189  1        ///  - Multi channel mode is disabled
  190  1      
  191  1      
  192  1        ///  -----------------------------------------------------------------------
  193  1        ///  Configuration of CCU60 Channel 0:
  194  1        ///  -----------------------------------------------------------------------
  195  1        ///  - Compare mode 1 is selected
  196  1        ///  - T12 modulation for output CC60 is disabled
  197  1        ///  - T13 modulation for output CC60 is disabled
  198  1        ///  - The trap functionality of the pin CC60 is disabled
  199  1        ///  - The compare output CC60 drives passive level while CC60ST is '0'
  200  1        ///  - The passive level of the output CC60 is '0'
  201  1        ///  - T12 modulation for output COUT60 is disabled
  202  1        ///  - T13 modulation for output COUT60 is disabled
  203  1        ///  - Dead time generation is disabled
  204  1      
  205  1        ///  - Generation interrupt on flag ICC60R is enabled
  206  1        ///  - Generation interrupt on flag ICC60F is disabled
  207  1      
  208  1        CCU60_CC60SR   =  0x00FF;      // Load CCU60 capture/compare shadow 
  209  1                                       // register for channel 0
  210  1      
  211  1        ///  -----------------------------------------------------------------------
  212  1        ///  Configuration of CCU60 Channel 1:
  213  1        ///  -----------------------------------------------------------------------
  214  1        ///  - Compare mode 1 is selected
  215  1        ///  - T12 modulation for output CC61 is disabled
  216  1        ///  - T13 modulation for output CC61 is disabled
  217  1        ///  - The trap functionality of the pin CC61 is disabled
  218  1        ///  - The compare output CC61 drives passive level while CC61ST is '0'
  219  1        ///  - The passive level of the output CC61 is '0'
  220  1        ///  - T12 modulation for output COUT61 is disabled
  221  1        ///  - T13 modulation for output COUT61 is disabled
  222  1        ///  - Dead time generation is disabled
  223  1      
  224  1        ///  - Generation interrupt on flag ICC61R is enabled
  225  1        ///  - Generation interrupt on flag ICC61F is disabled
  226  1      
  227  1        CCU60_CC61SR   =  0x00FF;      // Load CCU60 capture/compare shadow 
  228  1                                       // register for channel 1
  229  1      
  230  1        ///  -----------------------------------------------------------------------
  231  1        ///  Configuration of CCU60 Channel 2:
  232  1        ///  -----------------------------------------------------------------------
  233  1        ///  - Channel 2 is disabled
  234  1        ///  - T12 modulation for output CC62 is disabled
  235  1        ///  - T13 modulation for output CC62 is disabled
  236  1        ///  - T13 modulation for output CC62 is disabled
  237  1      
  238  1        ///  - Generation interrupt on flag ICC62R is disabled
  239  1        ///  - Generation interrupt on flag ICC62F is disabled
  240  1      
C166 COMPILER V7.05, CCU60                                                                 12/12/2013 14:35:01 PAGE 5   

  241  1        CCU60_CC62SR   =  0x0000;      // Load CCU60 capture/compare shadow 
  242  1                                       // register for channel 2
  243  1      
  244  1        ///  -----------------------------------------------------------------------
  245  1        ///  Configuration of CCU60 Channel 3:
  246  1        ///  -----------------------------------------------------------------------
  247  1        ///  - T13 output is not inverted
  248  1      
  249  1      
  250  1        CCU60_CC63SR   =  0x0000;      // load CCU60 capture/compare shadow 
  251  1                                       // register for channel 3
  252  1      
  253  1      
  254  1        CCU60_T12DTC   =  0x0001;      // load CCU60 dead time control register for 
  255  1                                       // timer T12
  256  1      
  257  1        CCU60_T12MSEL  =  0x0011;      // load CCU60 T12 campture/compare mode 
  258  1                                       // select register
  259  1      
  260  1        ///  -----------------------------------------------------------------------
  261  1        ///  Configuration of CCU60 trap control:
  262  1        ///  -----------------------------------------------------------------------
  263  1        ///  - Trap can only be generated by SW by setting the bit TRPF
  264  1        ///  - The trap state is left when a zero-match of T12 (while counting up) 
  265  1        ///    is detected (synchronization to T12)
  266  1        ///  - Bit TRPF is automatically cleared by HW (according to TRPPEN, TRPM0 
  267  1        ///    and TRPM1)
  268  1        ///  - Trap interrupt is disabled
  269  1      
  270  1      
  271  1        ///  -----------------------------------------------------------------------
  272  1        ///  Configuration of CCU60 interrupt control:
  273  1        ///  -----------------------------------------------------------------------
  274  1        ///  - For channel 0 interrupts is node I0 selected
  275  1        ///  - For channel 1 interrupts is node I0 selected
  276  1        ///  - For channel 2 interrupts is node I0 selected
  277  1        ///  - For correct hall event interrupt is node I0 selected
  278  1        ///  - For error interrupts is node I0 selected
  279  1        ///  - For T12 interrupts is node I0 selected
  280  1        ///  - For T13 interrupts is node I0 selected
  281  1      
  282  1      
  283  1        CCU60_INP      =  0x0000;      // Load CCU60 capture/compare interrupt node 
  284  1                                       // pointer register
  285  1      
  286  1        CCU60_IEN      =  0x0085;      // Load CCU60 capture/compare interrupt 
  287  1                                       // enable register
  288  1      
  289  1      
  290  1        ///  -----------------------------------------------------------------------
  291  1        ///  Configuration of the used CCU60 Channel Port Pins:
  292  1        ///  -----------------------------------------------------------------------
  293  1        ///  - P8.0 is used for  CCU60 output(CC60)
  294  1        ///  - P8.1 is used for  CCU60 output(CC61)
  295  1      
  296  1        P8_IOCR00 = 0x0090;    //set direction register
  297  1        P8_IOCR01 = 0x0090;    //set direction register
  298  1      
  299  1        CCU60_PISELL   =  0xFFC0;      // Load CCU60 Port Input Selection register
  300  1      
  301  1        ///  -----------------------------------------------------------------------
  302  1        ///  Configuration of the used CCU60 Channels Interrupts:
C166 COMPILER V7.05, CCU60                                                                 12/12/2013 14:35:01 PAGE 6   

  303  1        ///  -----------------------------------------------------------------------
  304  1        ///  NodeI0 service request node configuration:
  305  1        ///  - NodeI0 interrupt priority level (ILVL) = 12
  306  1        ///  - NodeI0 interrupt group level (GLVL) = 0
  307  1        ///  - NodeI0 group priority extension (GPX) = 0
  308  1      
  309  1        CCU60_0IC      =  0x0070;     
  310  1      
  311  1      
  312  1        ///  -----------------------------------------------------------------------
  313  1        ///  Configuration of T12, T13 ---- CCU60_TCTR4 Register:
  314  1        ///  -----------------------------------------------------------------------
  315  1        ///  - Enable shadow transfer of T12 and T13
  316  1        ///  - Timer 12 run bit is set
  317  1        ///  - Timer 13 run bit is reset
  318  1        CCU60_TCTR4    =  0x4042;      // load CCU60 timer control register 4
  319  1      
  320  1      
  321  1        // USER CODE BEGIN (NodeI3,3)
  322  1      
  323  1        // USER CODE END
  324  1      
  325  1      } //  End of function CCU60_vInit
  326         
  327         
  328         //****************************************************************************
  329         // @Function      void CCU60_viNodeI0(void) 
  330         //
  331         //----------------------------------------------------------------------------
  332         // @Description   This is the interrupt service routine for the CCU60 node 
  333         //                I0. If the content of the corresponding compare timer 
  334         //                (configurable) equals the content of the capture/compare 
  335         //                register or if a capture event occurs at the associated 
  336         //                port pin, the interrupt request flag is set and an 
  337         //                interrupt is triggered (only if enabled).
  338         //                Please note that you have to add application specific code 
  339         //                to this function.
  340         //
  341         //----------------------------------------------------------------------------
  342         // @Returnvalue   None
  343         //
  344         //----------------------------------------------------------------------------
  345         // @Parameters    None
  346         //
  347         //----------------------------------------------------------------------------
  348         // @Date          09.12.2013
  349         //
  350         //****************************************************************************
  351         
  352         // USER CODE BEGIN (NodeI0,1)
  353         
  354         // USER CODE END
  355         
  356         void CCU60_viNodeI0(void) interrupt CCU60_NodeI0_INT
  357         {
  358  1        // USER CODE BEGIN (NodeI0,2)
  359  1      
  360  1        // USER CODE END
  361  1      
  362  1        if(CCU60_IS & 0x0001)   // if CCU60_IS_ICC60R
  363  1        {
  364  2          // Capture, Compare match rising edge detection an channel 0
C166 COMPILER V7.05, CCU60                                                                 12/12/2013 14:35:01 PAGE 7   

  365  2      
  366  2          // USER CODE BEGIN (NodeI0,10)         
  367  2          // steigende Flanke für linker Motor
  368  2              if (leftspeed > 0)
  369  2            P4_OUT_P3 = 1;    // motor links PWM
  370  2          // USER CODE END
  371  2      
  372  2          CCU60_ISR |= 0x0001;  // clear flag CCU60_IS_ICC60R
  373  2        }
  374  1      
  375  1        if(CCU60_IS & 0x0004)  // if CCU60_IS_ICC61R
  376  1        {
  377  2          // Capture, Compare match rising edge detection an channel 1
  378  2      
  379  2          // USER CODE BEGIN (NodeI0,12) 
  380  2          // steigende Flanke für rechter Motor
  381  2              if (rightspeed > 0)
  382  2            P4_OUT_P0 = 1; // motor rechts PWM
  383  2          // USER CODE END
  384  2      
  385  2          CCU60_ISR |= 0x0004;  // clear flag CCU60_IS_ICC61R
  386  2        }
  387  1      
  388  1        if(CCU60_IS & 0x0080)  // if CCU60_IS_T12PM
  389  1        {
  390  2          // Timer T12 period match detection
  391  2      
  392  2          // USER CODE BEGIN (NodeI0,19)
  393  2              // fallende Flanke für beide Motoren
  394  2              P4_OUT_P3 = 0;  // motor links PWM
  395  2              P4_OUT_P0 = 0;   // motor rechts PWM  
  396  2          // USER CODE END
  397  2      
  398  2          CCU60_ISR |= 0x0080;  // clear flag CCU60_IS_T12PM
  399  2        }
  400  1      
  401  1      
  402  1      } //  End of function CCU60_viNodeI0
  403         
  404         
  405         
  406         
  407         // USER CODE BEGIN (CCU60_General,10)
  408         
  409         // USER CODE END
  410         


MODULE INFORMATION:   INITIALIZED  UNINITIALIZED
  CODE SIZE        =         218     --------
  NEAR-CONST SIZE  =    --------     --------
  FAR-CONST SIZE   =    --------     --------
  HUGE-CONST SIZE  =    --------     --------
  XHUGE-CONST SIZE =    --------     --------
  NEAR-DATA SIZE   =    --------     --------
  FAR-DATA SIZE    =    --------     --------
  XHUGE-DATA SIZE  =    --------     --------
  IDATA-DATA SIZE  =    --------     --------
  SDATA-DATA SIZE  =    --------     --------
  BDATA-DATA SIZE  =    --------     --------
  HUGE-DATA SIZE   =    --------     --------
  BIT SIZE         =    --------     --------
C166 COMPILER V7.05, CCU60                                                                 12/12/2013 14:35:01 PAGE 8   

  INIT'L SIZE      =    --------     --------
END OF MODULE INFORMATION.


C166 COMPILATION COMPLETE.  1 WARNING(S),  0 ERROR(S)
