C166 COMPILER V7.05, MAIN                                                                  11/28/2013 12:23:34 PAGE 1   


C166 COMPILER V7.05, COMPILATION OF MODULE MAIN
OBJECT MODULE PLACED IN .\obj\MAIN.obj
COMPILER INVOKED BY: C:\Program Files (x86)\Keil\C166\BIN\C166.EXE MAIN.C MODV2 BROWSE MODV2 DEBUG OBJECT(.\obj\MAIN.obj
                    -) 

 stmt lvl     source

    1         //****************************************************************************
    2         // @Module        Project Settings
    3         // @Filename      MAIN.C
    4         // @Project       balancebot.dav
    5         //----------------------------------------------------------------------------
    6         // @Controller    Infineon XE167F-96F66
    7         //
    8         // @Compiler      Keil
    9         //
   10         // @Codegenerator 2.2
   11         //
   12         // @Description   This file contains the project initialization function.
   13         //
   14         //----------------------------------------------------------------------------
   15         // @Date          25.11.2013 16:09:37
   16         //
   17         //****************************************************************************
   18         
   19         // USER CODE BEGIN (MAIN_General,1)
   20         
   21         // USER CODE END
   22         
   23         
   24         
   25         //****************************************************************************
   26         // @Project Includes
   27         //****************************************************************************
   28         
   29         #include "MAIN.H"
   30         
   31         // USER CODE BEGIN (MAIN_General,2)
   32         
   33         #include "motor.h"
   34         #include "megatron.h"
   35         // USER CODE END
   36         
   37         
   38         //****************************************************************************
   39         // @Macros
   40         //****************************************************************************
   41         
   42         // USER CODE BEGIN (MAIN_General,3)
   43         
   44         // USER CODE END
   45         
   46         
   47         //****************************************************************************
   48         // @Defines
   49         //****************************************************************************
   50         
   51         // USER CODE BEGIN (MAIN_General,4)
   52         
   53         // USER CODE END
   54         
C166 COMPILER V7.05, MAIN                                                                  11/28/2013 12:23:34 PAGE 2   

   55         
   56         //****************************************************************************
   57         // @Typedefs
   58         //****************************************************************************
   59         
   60         // USER CODE BEGIN (MAIN_General,5)
   61         
   62         // USER CODE END
   63         
   64         
   65         //****************************************************************************
   66         // @Imported Global Variables
   67         //****************************************************************************
   68         
   69         // USER CODE BEGIN (MAIN_General,6)
   70         
   71         // USER CODE END
   72         
   73         
   74         //****************************************************************************
   75         // @Global Variables
   76         //****************************************************************************
   77         
   78         // USER CODE BEGIN (MAIN_General,7)
   79         volatile unsigned char timerevent = 0;
   80         // USER CODE END
   81         
   82         
   83         //****************************************************************************
   84         // @External Prototypes
   85         //****************************************************************************
   86         
   87         // USER CODE BEGIN (MAIN_General,8)
   88         
   89         // USER CODE END
   90         
   91         
   92         //****************************************************************************
   93         // @Prototypes Of Local Functions
   94         //****************************************************************************
   95         
   96         // USER CODE BEGIN (MAIN_General,9)
   97         
   98         // USER CODE END
   99         
  100         
  101         //****************************************************************************
  102         // @Function      void MAIN_vInit(void) 
  103         //
  104         //----------------------------------------------------------------------------
  105         // @Description   This function initializes the microcontroller.
  106         //
  107         //----------------------------------------------------------------------------
  108         // @Returnvalue   None
  109         //
  110         //----------------------------------------------------------------------------
  111         // @Parameters    None
  112         //
  113         //----------------------------------------------------------------------------
  114         // @Date          25.11.2013
  115         //
  116         //****************************************************************************
C166 COMPILER V7.05, MAIN                                                                  11/28/2013 12:23:34 PAGE 3   

  117         
  118         // USER CODE BEGIN (Init,1)
  119         
  120         // USER CODE END
  121         
  122         void MAIN_vInit(void)
  123         {
  124  1        // USER CODE BEGIN (Init,2)
  125  1      
  126  1        // USER CODE END
  127  1      
  128  1        //   globally disable interrupts
  129  1        PSW_IEN        =  0;          
  130  1      
  131  1      
  132  1        ///  -----------------------------------------------------------------------
  133  1        ///  Configuration of the System Clock:
  134  1        ///  -----------------------------------------------------------------------
  135  1        ///  - VCO clock used, input clock is connected
  136  1        ///  - input frequency is 8,00 MHz
  137  1        ///  - system clock is 66.00 MHz
  138  1      
  139  1        MAIN_vUnlockProtecReg();     // unlock write security
  140  1      
  141  1        MAIN_vChangeFreq();          // load PLL control register
  142  1      
  143  1        //   -----------------------------------------------------------------------
  144  1        //   Initialization of the Peripherals:
  145  1        //   -----------------------------------------------------------------------
  146  1      
  147  1        //   initializes the Parallel Ports
  148  1        IO_vInit();
  149  1      
  150  1        //   initializes the General Purpose Timer Unit (GPT1)
  151  1        GPT1_vInit();
  152  1      
  153  1        //   initializes the General Purpose Timer Unit (GPT2)
  154  1        GPT2_vInit();
  155  1      
  156  1        //   initializes the Capture / Compare Unit 60 (CCU60)
  157  1        CCU60_vInit();
  158  1      
  159  1      
  160  1        //   -----------------------------------------------------------------------
  161  1        //   Initialization of the Bank Select registers:
  162  1        //   -----------------------------------------------------------------------
  163  1      
  164  1      
  165  1        // USER CODE BEGIN (Init,3)
  166  1      
  167  1        // USER CODE END
  168  1      
  169  1        MAIN_vLockProtecReg();       // lock write security
  170  1      
  171  1        //   globally enable interrupts
  172  1        PSW_IEN        =  1;          
  173  1      
  174  1      } //  End of function MAIN_vInit
  175         
  176         
  177         //****************************************************************************
  178         // @Function      void MAIN_vUnlockProtecReg(void) 
C166 COMPILER V7.05, MAIN                                                                  11/28/2013 12:23:34 PAGE 4   

  179         //
  180         //----------------------------------------------------------------------------
  181         // @Description   This function makes it possible to write one protected 
  182         //                register.
  183         //
  184         //----------------------------------------------------------------------------
  185         // @Returnvalue   None
  186         //
  187         //----------------------------------------------------------------------------
  188         // @Parameters    None
  189         //
  190         //----------------------------------------------------------------------------
  191         // @Date          25.11.2013
  192         //
  193         //****************************************************************************
  194         
  195         // USER CODE BEGIN (UnlockProtecReg,1)
  196         
  197         // USER CODE END
  198         
  199         void MAIN_vUnlockProtecReg(void)
  200         {
  201  1        uword uwPASSWORD;
  202  1      
  203  1          SCU_SLC = 0xAAAA;                   // command 0
  204  1          SCU_SLC = 0x5554;                   // command 1
  205  1      
  206  1          uwPASSWORD = SCU_SLS & 0x00FF;
  207  1          uwPASSWORD = (~uwPASSWORD) & 0x00FF;
  208  1      
  209  1          SCU_SLC = 0x9600 | uwPASSWORD;      // command 2
  210  1          SCU_SLC = 0x0000;                   // command 3
  211  1      
  212  1      } //  End of function MAIN_vUnlockProtecReg
  213         
  214         
  215         //****************************************************************************
  216         // @Function      void MAIN_vLockProtecReg(void) 
  217         //
  218         //----------------------------------------------------------------------------
  219         // @Description   This function makes it possible to lock one protected 
  220         //                register.
  221         //
  222         //----------------------------------------------------------------------------
  223         // @Returnvalue   None
  224         //
  225         //----------------------------------------------------------------------------
  226         // @Parameters    None
  227         //
  228         //----------------------------------------------------------------------------
  229         // @Date          25.11.2013
  230         //
  231         //****************************************************************************
  232         
  233         // USER CODE BEGIN (LockProtecReg,1)
  234         
  235         // USER CODE END
  236         
  237         void MAIN_vLockProtecReg(void)
  238         {
  239  1        uword uwPASSWORD;
  240  1      
C166 COMPILER V7.05, MAIN                                                                  11/28/2013 12:23:34 PAGE 5   

  241  1          SCU_SLC = 0xAAAA;                   // command 0
  242  1          SCU_SLC = 0x5554;                   // command 1
  243  1      
  244  1          uwPASSWORD = SCU_SLS & 0x00FF;
  245  1          uwPASSWORD = (~uwPASSWORD) & 0x00FF;
  246  1      
  247  1          SCU_SLC = 0x9600 | uwPASSWORD;      // command 2
  248  1          SCU_SLC = 0x1800;                   // command 3; new PASSWOR is 0x00
  249  1      
  250  1          uwPASSWORD = SCU_SLS & 0x00FF;
  251  1          uwPASSWORD = (~uwPASSWORD) & 0x00FF;
  252  1          SCU_SLC = 0x8E00 | uwPASSWORD;      // command 4
  253  1      
  254  1      } //  End of function MAIN_vLockProtecReg
  255         
  256         
  257         //****************************************************************************
  258         // @Function      void MAIN_vChangeFreq(void) 
  259         //
  260         //----------------------------------------------------------------------------
  261         // @Description   This function is used to select the external crystal and
  262         //                configure the system frequency to 80Mhz/66Mhz.
  263         //
  264         //----------------------------------------------------------------------------
  265         // @Returnvalue   None
  266         //
  267         //----------------------------------------------------------------------------
  268         // @Parameters    None
  269         //
  270         //----------------------------------------------------------------------------
  271         // @Date          25.11.2013
  272         //
  273         //****************************************************************************
  274         
  275         // USER CODE BEGIN (ChangeFreq,1)
  276         
  277         // USER CODE END
  278         
  279         void MAIN_vChangeFreq(void)
  280         {
  281  1        SCS_SwitchToHighPrecBandgap();
  282  1      
  283  1        //For application and internal application resets, the complete PLL configuration could be avoided
  284  1        //The entry from application resets and internal application reset is covered in the following different
             -iation
  285  1        //in int/ext clock in lock/unlocked state.
  286  1      
  287  1        if  ((SCU_PLLSTAT & 0x0004) == 0x0004)             // fR derived from Internal clock
  288  1              {
  289  2                  //Normal startup state during boot and the clock
  290  2                  //has to be in the next step configured on the external crystal
  291  2                  //use XTAL/VCO, count XTAL clock
  292  2      
  293  2                  SCS_StartXtalOsc(1);                     // Starts the crystal oscillator
  294  2                  SCS_SwitchSystemClock(1);                // System clock is increased to target speed (80/66 M
             -Hz)
  295  2      
  296  2              }
  297  1      
  298  1        else                                               // fR derived from external crystal clock
  299  1              {
  300  2                  if ((SCU_PLLSTAT & 0x1009) == 0x1009)    // fR derived from external crystal clock + VCO is lo
C166 COMPILER V7.05, MAIN                                                                  11/28/2013 12:23:34 PAGE 6   

             -cked
  301  2                  {
  302  3                     //usually after an application reset where clock need not be configured again.
  303  3                     //check K2/P/N values and decide whether these values have to be adapted based on applicati
             -on needs.
  304  3                     NOP();
  305  3                     //usually the PLL losss of Lock TRAP schould be enabled here.
  306  3                  }
  307  2                  else                                     //fR derived from external crystal clock + VCO is not
             - locked
  308  2      
  309  2                  {
  310  3                     //estimate the K1 value and the current frequency
  311  3                     //reduce K2/P/N values in steps so that the frequency
  312  3                     //jumps is limited to 20MHz or factor of 5 whichever is minimum
  313  3                     NOP();
  314  3                  }
  315  2      
  316  2      
  317  2              }
  318  1      
  319  1      } //  End of function MAIN_vChangeFreq
  320         
  321         
  322         //****************************************************************************
  323         // @Function      void main(void) 
  324         //
  325         //----------------------------------------------------------------------------
  326         // @Description   This is the main function.
  327         //
  328         //----------------------------------------------------------------------------
  329         // @Returnvalue   None
  330         //
  331         //----------------------------------------------------------------------------
  332         // @Parameters    None
  333         //
  334         //----------------------------------------------------------------------------
  335         // @Date          25.11.2013
  336         //
  337         //****************************************************************************
  338         
  339         // USER CODE BEGIN (Main,1)
  340         
  341         // USER CODE END
  342         
  343         void main(void)
  344         {
  345  1        // USER CODE BEGIN (Main,2)
  346  1      
  347  1        // USER CODE END
  348  1      
  349  1        MAIN_vInit();
  350  1      
  351  1        // USER CODE BEGIN (Main,3)
  352  1      
  353  1        // USER CODE END
  354  1      
  355  1        while(1)
  356  1        {
  357  2      
  358  2         // USER CODE BEGIN (Main,4)
  359  2         while(0 == timerevent);
C166 COMPILER V7.05, MAIN                                                                  11/28/2013 12:23:34 PAGE 7   

  360  2      
  361  2         // do some kind of stuff
  362  2      
  363  2         // USER CODE END
  364  2      
  365  2        }
  366  1      
  367  1      } //  End of function main
  368         
  369         
  370         
  371         // USER CODE BEGIN (MAIN_General,10)
  372         
  373         // USER CODE END
  374         


MODULE INFORMATION:   INITIALIZED  UNINITIALIZED
  CODE SIZE        =         210     --------
  NEAR-CONST SIZE  =    --------     --------
  FAR-CONST SIZE   =    --------     --------
  HUGE-CONST SIZE  =    --------     --------
  XHUGE-CONST SIZE =    --------     --------
  NEAR-DATA SIZE   =           1     --------
  FAR-DATA SIZE    =    --------     --------
  XHUGE-DATA SIZE  =    --------     --------
  IDATA-DATA SIZE  =    --------     --------
  SDATA-DATA SIZE  =    --------     --------
  BDATA-DATA SIZE  =    --------     --------
  HUGE-DATA SIZE   =    --------     --------
  BIT SIZE         =    --------     --------
  INIT'L SIZE      =           6     --------
END OF MODULE INFORMATION.


C166 COMPILATION COMPLETE.  0 WARNING(S),  0 ERROR(S)
