C166 COMPILER V7.05, MEGATRON                                                              12/05/2013 12:54:49 PAGE 1   


C166 COMPILER V7.05, COMPILATION OF MODULE MEGATRON
OBJECT MODULE PLACED IN .\obj\megatron.obj
COMPILER INVOKED BY: C:\Program Files\Keil\C166\BIN\C166.EXE megatron.c MODV2 BROWSE MODV2 DEBUG OBJECT(.\obj\megatron.o
                    -bj) 

 stmt lvl     source

*** WARNING C500 IN LINE 1 OF megatron.c: SERIAL NUMBER EXPIRED

    1         
    2         #include "XE16xREGS.H"
    3         
    4         #include "GPT1.H"
    5         #include "IO.H"
    6         #include "megatron.h"
    7                                 
    8         unsigned int ReadMegatronLeft()
    9         {
   10  1        //ROLLOUTMEGATRONCODE(GPT1_TIMER_3);
   11  1        unsigned int value; 
   12  1        GPT1_vStopTmr(GPT1_TIMER_3);
   13  1        value = (signed int) GPT1_uwReadTmr(GPT1_TIMER_3);
   14  1        GPT1_vLoadTmr(GPT1_TIMER_3, 0);
   15  1        GPT1_vStartTmr(GPT1_TIMER_3);
   16  1        return value;
   17  1      }
   18         
   19         unsigned int ReadMegatronRight()
   20         {
   21  1        unsigned int value; 
   22  1        GPT1_vStopTmr(GPT1_TIMER_4);
   23  1        value = (signed int) GPT1_uwReadTmr(GPT1_TIMER_4);
   24  1        GPT1_vLoadTmr(GPT1_TIMER_4, 0);
   25  1        GPT1_vStartTmr(GPT1_TIMER_4);
   26  1        return value;
   27  1      }


MODULE INFORMATION:   INITIALIZED  UNINITIALIZED
  CODE SIZE        =          30     --------
  NEAR-CONST SIZE  =    --------     --------
  FAR-CONST SIZE   =    --------     --------
  HUGE-CONST SIZE  =    --------     --------
  XHUGE-CONST SIZE =    --------     --------
  NEAR-DATA SIZE   =    --------     --------
  FAR-DATA SIZE    =    --------     --------
  XHUGE-DATA SIZE  =    --------     --------
  IDATA-DATA SIZE  =    --------     --------
  SDATA-DATA SIZE  =    --------     --------
  BDATA-DATA SIZE  =    --------     --------
  HUGE-DATA SIZE   =    --------     --------
  BIT SIZE         =    --------     --------
  INIT'L SIZE      =    --------     --------
END OF MODULE INFORMATION.


C166 COMPILATION COMPLETE.  1 WARNING(S),  0 ERROR(S)
